[{"accountNumber":"105120550449","message":"Rasm mavjud emas, identifikatsiya qoidalariga mos emas ! Hisob raqami: 105120550449"},{"accountNumber":"105120950557","message":"Rasm mavjud emas, identifikatsiya qoidalariga mos emas ! Hisob raqami: 105120950557"},{"accountNumber":"105120950575","message":"Rasm mavjud emas, identifikatsiya qoidalariga mos emas ! Hisob raqami: 105120950575"},{"accountNumber":"105120950550","message":"Rasm mavjud emas, identifikatsiya qoidalariga mos emas ! Hisob raqami: 105120950550"},{"accountNumber":"105120950513","message":"Rasm mavjud emas, identifikatsiya qoidalariga mos emas ! Hisob raqami: 105120950513"},{"accountNumber":"105120881256","message":"Rasm mavjud emas, identifikatsiya qoidalariga mos emas ! Hisob raqami: 105120881256"},{"accountNumber":"105120881255","message":"Rasm mavjud emas, identifikatsiya qoidalariga mos emas ! Hisob raqami: 105120881255"},{"accountNumber":"105120881252","message":"Rasm mavjud emas, identifikatsiya qoidalariga mos emas ! Hisob raqami: 105120881252"},{"accountNumber":"105120881254","message":"Rasm mavjud emas, identifikatsiya qoidalariga mos emas ! Hisob raqami: 105120881254"},{"accountNumber":"105120881249","message":"Rasm mavjud emas, identifikatsiya qoidalariga mos emas ! Hisob raqami: 105120881249"},{"accountNumber":"105120881251","message":"Rasm mavjud emas, identifikatsiya qoidalariga mos emas ! Hisob raqami: 105120881251"},{"accountNumber":"105120881250","message":"Rasm mavjud emas, identifikatsiya qoidalariga mos emas ! Hisob raqami: 105120881250"},{"accountNumber":"105120881246","message":"Rasm mavjud emas, identifikatsiya qoidalariga mos emas ! Hisob raqami: 105120881246"},{"accountNumber":"105120881243","message":"Rasm mavjud emas, identifikatsiya qoidalariga mos emas ! Hisob raqami: 105120881243"},{"accountNumber":"105120881244","message":"Rasm mavjud emas, identifikatsiya qoidalariga mos emas ! Hisob raqami: 105120881244"},{"accountNumber":"105120881245","message":"Rasm mavjud emas, identifikatsiya qoidalariga mos emas ! Hisob raqami: 105120881245"},{"accountNumber":"105120881241","message":"Rasm mavjud emas, identifikatsiya qoidalariga mos emas ! Hisob raqami: 105120881241"},{"accountNumber":"105120881238","message":"Rasm mavjud emas, identifikatsiya qoidalariga mos emas ! Hisob raqami: 105120881238"},{"accountNumber":"105120480200","message":"Elektr energiyasi hisob raqami dublikat ! Hisob raqami: 105120480200, dublikat kiritilgan hisob raqami: 105120280694"},{"accountNumber":"105120480185","message":"Elektr energiyasi hisob raqami dublikat ! Hisob raqami: 105120480185, dublikat kiritilgan hisob raqami: 105120480032"},{"accountNumber":"105120950602","message":"Elektr energiyasi hisob raqami dublikat ! Hisob raqami: 105120950602, dublikat kiritilgan hisob raqami: 105120220138"},{"accountNumber":"105120450186","message":"Elektr energiyasi hisob raqami dublikat ! Hisob raqami: 105120450186, dublikat kiritilgan hisob raqami: 105120190184"},{"accountNumber":"105120470075","message":"Elektr energiyasi hisob raqami dublikat ! Hisob raqami: 105120470075, dublikat kiritilgan hisob raqami: 105120470527"},{"accountNumber":"105120420334","message":"Elektr energiyasi hisob raqami dublikat ! Hisob raqami: 105120420334, dublikat kiritilgan hisob raqami: 105120630358"},{"accountNumber":"105120881237","message":"Rasm mavjud emas, identifikatsiya qoidalariga mos emas ! Hisob raqami: 105120881237"},{"accountNumber":"105120881236","message":"Rasm mavjud emas, identifikatsiya qoidalariga mos emas ! Hisob raqami: 105120881236"},{"accountNumber":"105120470076","message":"Elektr energiyasi hisob raqami dublikat ! Hisob raqami: 105120470076, dublikat kiritilgan hisob raqami: 105120470520"},{"accountNumber":"105120750018","message":"Elektr energiyasi hisob raqami dublikat ! Hisob raqami: 105120750018, dublikat kiritilgan hisob raqami: 105070220226"},{"accountNumber":"105120600128","message":"Elektr energiyasi hisob raqami dublikat ! Hisob raqami: 105120600128, dublikat kiritilgan hisob raqami: 105120600375"},{"accountNumber":"105120420277","message":"Elektr energiyasi hisob raqami dublikat ! Hisob raqami: 105120420277, dublikat kiritilgan hisob raqami: 105120420158"},{"accountNumber":"105120881211","message":"Rasm mavjud emas, identifikatsiya qoidalariga mos emas ! Hisob raqami: 105120881211"},{"accountNumber":"105120881212","message":"Rasm mavjud emas, identifikatsiya qoidalariga mos emas ! Hisob raqami: 105120881212"},{"accountNumber":"105120881207","message":"Rasm mavjud emas, identifikatsiya qoidalariga mos emas ! Hisob raqami: 105120881207"},{"accountNumber":"105120881210","message":"Rasm mavjud emas, identifikatsiya qoidalariga mos emas ! Hisob raqami: 105120881210"},{"accountNumber":"105120881226","message":"Rasm mavjud emas, identifikatsiya qoidalariga mos emas ! Hisob raqami: 105120881226"},{"accountNumber":"105120881223","message":"Rasm mavjud emas, identifikatsiya qoidalariga mos emas ! Hisob raqami: 105120881223"},{"accountNumber":"105120881228","message":"Rasm mavjud emas, identifikatsiya qoidalariga mos emas ! Hisob raqami: 105120881228"},{"accountNumber":"105120881225","message":"Rasm mavjud emas, identifikatsiya qoidalariga mos emas ! Hisob raqami: 105120881225"},{"accountNumber":"105120881209","message":"Rasm mavjud emas, identifikatsiya qoidalariga mos emas ! Hisob raqami: 105120881209"},{"accountNumber":"105120881208","message":"Rasm mavjud emas, identifikatsiya qoidalariga mos emas ! Hisob raqami: 105120881208"},{"accountNumber":"105120881232","message":"Rasm mavjud emas, identifikatsiya qoidalariga mos emas ! Hisob raqami: 105120881232"},{"accountNumber":"105120881224","message":"Rasm mavjud emas, identifikatsiya qoidalariga mos emas ! Hisob raqami: 105120881224"},{"accountNumber":"105120881217","message":"Rasm mavjud emas, identifikatsiya qoidalariga mos emas ! Hisob raqami: 105120881217"},{"accountNumber":"105120881229","message":"Rasm mavjud emas, identifikatsiya qoidalariga mos emas ! Hisob raqami: 105120881229"},{"accountNumber":"105120881196","message":"Rasm mavjud emas, identifikatsiya qoidalariga mos emas ! Hisob raqami: 105120881196"},{"accountNumber":"105120881189","message":"Rasm mavjud emas, identifikatsiya qoidalariga mos emas ! Hisob raqami: 105120881189"},{"accountNumber":"105120881195","message":"Rasm mavjud emas, identifikatsiya qoidalariga mos emas ! Hisob raqami: 105120881195"},{"accountNumber":"105120881194","message":"Rasm mavjud emas, identifikatsiya qoidalariga mos emas ! Hisob raqami: 105120881194"},{"accountNumber":"105120881206","message":"Rasm mavjud emas, identifikatsiya qoidalariga mos emas ! Hisob raqami: 105120881206"},{"accountNumber":"105120750017","message":"Elektr energiyasi hisob raqami dublikat ! Hisob raqami: 105120750017, dublikat kiritilgan hisob raqami: 105120670011"},{"accountNumber":"105120390205","message":"Elektr energiyasi hisob raqami dublikat ! Hisob raqami: 105120390205, dublikat kiritilgan hisob raqami: 105120390442"},{"accountNumber":"105120750016","message":"Elektr energiyasi hisob raqami dublikat ! Hisob raqami: 105120750016, dublikat kiritilgan hisob raqami: 105120751014"},{"accountNumber":"105120881202","message":"Rasm mavjud emas, identifikatsiya qoidalariga mos emas ! Hisob raqami: 105120881202"},{"accountNumber":"105120220219","message":"Elektr energiyasi hisob raqami dublikat ! Hisob raqami: 105120220219, dublikat kiritilgan hisob raqami: 105120220141"},{"accountNumber":"105120881197","message":"Elektr energiyasi hisob raqami dublikat ! Hisob raqami: 105120881197, dublikat kiritilgan hisob raqami: 105120780484"},{"accountNumber":"105120650663","message":"Rasm mavjud emas, identifikatsiya qoidalariga mos emas ! Hisob raqami: 105120650663"},{"accountNumber":"105120390202","message":"Elektr energiyasi hisob raqami dublikat ! Hisob raqami: 105120390202, dublikat kiritilgan hisob raqami: 105120390435"},{"accountNumber":"105120190063","message":"Elektr energiyasi hisob raqami dublikat ! Hisob raqami: 105120190063, dublikat kiritilgan hisob raqami: 105120640222"},{"accountNumber":"105120220193","message":"Elektr energiyasi hisob raqami dublikat ! Hisob raqami: 105120220193, dublikat kiritilgan hisob raqami: 105070220178"},{"accountNumber":"105120290010","message":"Elektr energiyasi hisob raqami dublikat ! Hisob raqami: 105120290010, dublikat kiritilgan hisob raqami: 105070290321"},{"accountNumber":"105120860622","message":"Rasm mavjud emas, identifikatsiya qoidalariga mos emas ! Hisob raqami: 105120860622"},{"accountNumber":"105120570665","message":"Elektr energiyasi soato identifikatsiya qoidalariga mos emas ! Hisob raqami: 105120570665 Elektr energiyasi soato: null"},{"accountNumber":"105120860621","message":"Rasm mavjud emas, identifikatsiya qoidalariga mos emas ! Hisob raqami: 105120860621"},{"accountNumber":"105120570654","message":"Elektr energiyasi soato identifikatsiya qoidalariga mos emas ! Hisob raqami: 105120570654 Elektr energiyasi soato: null"},{"accountNumber":"105120570656","message":"Elektr energiyasi soato identifikatsiya qoidalariga mos emas ! Hisob raqami: 105120570656 Elektr energiyasi soato: null"},{"accountNumber":"105120570659","message":"Elektr energiyasi soato identifikatsiya qoidalariga mos emas ! Hisob raqami: 105120570659 Elektr energiyasi soato: null"},{"accountNumber":"105120210017","message":"Elektr energiyasi soato identifikatsiya qoidalariga mos emas ! Hisob raqami: 105120210017 Elektr energiyasi soato: null"},{"accountNumber":"105120570653","message":"Elektr energiyasi soato identifikatsiya qoidalariga mos emas ! Hisob raqami: 105120570653 Elektr energiyasi soato: null"},{"accountNumber":"105120570661","message":"Elektr energiyasi soato identifikatsiya qoidalariga mos emas ! Hisob raqami: 105120570661 Elektr energiyasi soato: null"},{"accountNumber":"105120560291","message":"Elektr energiyasi soato identifikatsiya qoidalariga mos emas ! Hisob raqami: 105120560291 Elektr energiyasi soato: null"},{"accountNumber":"105120570658","message":"Elektr energiyasi soato identifikatsiya qoidalariga mos emas ! Hisob raqami: 105120570658 Elektr energiyasi soato: null"},{"accountNumber":"105120700012","message":"Elektr energiyasi hisob raqami dublikat ! Hisob raqami: 105120700012, dublikat kiritilgan hisob raqami: 105120700699"},{"accountNumber":"105120280089","message":"Elektr energiyasi hisob raqami dublikat ! Hisob raqami: 105120280089, dublikat kiritilgan hisob raqami: 105120280065"},{"accountNumber":"105120420257","message":"Elektr energiyasi hisob raqami dublikat ! Hisob raqami: 105120420257, dublikat kiritilgan hisob raqami: 105120350570"},{"accountNumber":"105120860606","message":"Elektr energiyasi hisob raqami dublikat ! Hisob raqami: 105120860606, dublikat kiritilgan hisob raqami: 105120860106"},{"accountNumber":"105120570714","message":"Elektr energiyasi soato identifikatsiya qoidalariga mos emas ! Hisob raqami: 105120570714 Elektr energiyasi soato: null"},{"accountNumber":"105120570667","message":"Elektr energiyasi soato identifikatsiya qoidalariga mos emas ! Hisob raqami: 105120570667 Elektr energiyasi soato: null"},{"accountNumber":"105120570664","message":"Elektr energiyasi soato identifikatsiya qoidalariga mos emas ! Hisob raqami: 105120570664 Elektr energiyasi soato: null"},{"accountNumber":"105120962232","message":"Elektr energiyasi hisob raqami dublikat ! Hisob raqami: 105120962232, dublikat kiritilgan hisob raqami: 105120962233"},{"accountNumber":"105120570662","message":"Elektr energiyasi soato identifikatsiya qoidalariga mos emas ! Hisob raqami: 105120570662 Elektr energiyasi soato: null"},{"accountNumber":"105120860625","message":"Elektr energiyasi hisob raqami dublikat ! Hisob raqami: 105120860625, dublikat kiritilgan hisob raqami: 105120962081"},{"accountNumber":"105120881080","message":"Elektr energiyasi hisob raqami dublikat ! Hisob raqami: 105120881080, dublikat kiritilgan hisob raqami: 105120450686"},{"accountNumber":"105120220124","message":"Elektr energiyasi hisob raqami dublikat ! Hisob raqami: 105120220124, dublikat kiritilgan hisob raqami: 105120220055"},{"accountNumber":"105120860626","message":"Elektr energiyasi hisob raqami dublikat ! Hisob raqami: 105120860626, dublikat kiritilgan hisob raqami: 105120962081"},{"accountNumber":"105120700005","message":"Elektr energiyasi hisob raqami dublikat ! Hisob raqami: 105120700005, dublikat kiritilgan hisob raqami: 105120700010"},{"accountNumber":"105120730006","message":"Elektr energiyasi hisob raqami dublikat ! Hisob raqami: 105120730006, dublikat kiritilgan hisob raqami: 105070220168"},{"accountNumber":"105120390201","message":"Elektr energiyasi hisob raqami dublikat ! Hisob raqami: 105120390201, dublikat kiritilgan hisob raqami: 105120390432"},{"accountNumber":"105120470055","message":"Elektr energiyasi hisob raqami dublikat ! Hisob raqami: 105120470055, dublikat kiritilgan hisob raqami: 105120470257"},{"accountNumber":"105120860620","message":"Elektr energiyasi hisob raqami dublikat ! Hisob raqami: 105120860620, dublikat kiritilgan hisob raqami: 105120962053"},{"accountNumber":"105120800533","message":"Elektr energiyasi hisob raqami dublikat ! Hisob raqami: 105120800533, dublikat kiritilgan hisob raqami: 105120800387"},{"accountNumber":"105120961954","message":"Pasport seriyasi identifikatsiya qoidalariga mos emas ! Hisob raqami: 105120961954 Pasport seriyasi: null"},{"accountNumber":"105120590504","message":"Elektr energiyasi soato identifikatsiya qoidalariga mos emas ! Hisob raqami: 105120590504 Elektr energiyasi soato: null"},{"accountNumber":"105120570625","message":"Elektr energiyasi soato identifikatsiya qoidalariga mos emas ! Hisob raqami: 105120570625 Elektr energiyasi soato: null"},{"accountNumber":"105120500705","message":"Pasport seriyasi identifikatsiya qoidalariga mos emas ! Hisob raqami: 105120500705 Pasport seriyasi: null"},{"accountNumber":"105120570599","message":"Elektr energiyasi soato identifikatsiya qoidalariga mos emas ! Hisob raqami: 105120570599 Elektr energiyasi soato: null"},{"accountNumber":"105120570621","message":"Elektr energiyasi soato identifikatsiya qoidalariga mos emas ! Hisob raqami: 105120570621 Elektr energiyasi soato: null"},{"accountNumber":"105120570557","message":"Elektr energiyasi soato identifikatsiya qoidalariga mos emas ! Hisob raqami: 105120570557 Elektr energiyasi soato: null"},{"accountNumber":"105120810375","message":"Pasport seriyasi identifikatsiya qoidalariga mos emas ! Hisob raqami: 105120810375 Pasport seriyasi: null"},{"accountNumber":"105120680488","message":"Elektr energiyasi hisob raqami dublikat ! Hisob raqami: 105120680488, dublikat kiritilgan hisob raqami: 105120240062"},{"accountNumber":"105120800556","message":"Elektr energiyasi hisob raqami dublikat ! Hisob raqami: 105120800556, dublikat kiritilgan hisob raqami: 112081130265"},{"accountNumber":"105120310661","message":"Elektr energiyasi hisob raqami dublikat ! Hisob raqami: 105120310661, dublikat kiritilgan hisob raqami: 105120310660"},{"accountNumber":"105120751335","message":"Elektr energiyasi hisob raqami dublikat ! Hisob raqami: 105120751335, dublikat kiritilgan hisob raqami: 105120751069"},{"accountNumber":"105120190408","message":"Elektr energiyasi hisob raqami dublikat ! Hisob raqami: 105120190408, dublikat kiritilgan hisob raqami: 105070390634"},{"accountNumber":"105120480108","message":"Elektr energiyasi hisob raqami dublikat ! Hisob raqami: 105120480108, dublikat kiritilgan hisob raqami: 105120480074"},{"accountNumber":"105120460531","message":"Elektr energiyasi hisob raqami dublikat ! Hisob raqami: 105120460531, dublikat kiritilgan hisob raqami: 105120470416"},{"accountNumber":"105120450720","message":"Elektr energiyasi hisob raqami dublikat ! Hisob raqami: 105120450720, dublikat kiritilgan hisob raqami: 105120450147"},{"accountNumber":"105120410554","message":"Elektr energiyasi hisob raqami dublikat ! Hisob raqami: 105120410554, dublikat kiritilgan hisob raqami: 105120410274"},{"accountNumber":"105120190418","message":"Elektr energiyasi hisob raqami dublikat ! Hisob raqami: 105120190418, dublikat kiritilgan hisob raqami: 105070410057"},{"accountNumber":"105120310660","message":"Elektr energiyasi hisob raqami dublikat ! Hisob raqami: 105120310660, dublikat kiritilgan hisob raqami: 105120310661"},{"accountNumber":"105120450721","message":"Elektr energiyasi hisob raqami dublikat ! Hisob raqami: 105120450721, dublikat kiritilgan hisob raqami: 105120450304"},{"accountNumber":"105120732223","message":"Elektr energiyasi hisob raqami dublikat ! Hisob raqami: 105120732223, dublikat kiritilgan hisob raqami: 105120731654"},{"accountNumber":"105120360745","message":"Elektr energiyasi hisob raqami dublikat ! Hisob raqami: 105120360745, dublikat kiritilgan hisob raqami: 105120360701"},{"accountNumber":"105120240586","message":"Elektr energiyasi hisob raqami dublikat ! Hisob raqami: 105120240586, dublikat kiritilgan hisob raqami: 105070440081"},{"accountNumber":"105120500699","message":"Elektr energiyasi hisob raqami dublikat ! Hisob raqami: 105120500699, dublikat kiritilgan hisob raqami: 105120310081"},{"accountNumber":"105120190412","message":"Elektr energiyasi hisob raqami dublikat ! Hisob raqami: 105120190412, dublikat kiritilgan hisob raqami: 105070380587"},{"accountNumber":"105120500701","message":"Elektr energiyasi hisob raqami dublikat ! Hisob raqami: 105120500701, dublikat kiritilgan hisob raqami: 105120500012"},{"accountNumber":"105120190402","message":"Elektr energiyasi hisob raqami dublikat ! Hisob raqami: 105120190402, dublikat kiritilgan hisob raqami: 105120740212"},{"accountNumber":"105120190401","message":"Elektr energiyasi hisob raqami dublikat ! Hisob raqami: 105120190401, dublikat kiritilgan hisob raqami: 105120190188"},{"accountNumber":"105120791802","message":"Elektr energiyasi hisob raqami dublikat ! Hisob raqami: 105120791802, dublikat kiritilgan hisob raqami: 105120550025"},{"accountNumber":"105120680494","message":"Elektr energiyasi hisob raqami dublikat ! Hisob raqami: 105120680494, dublikat kiritilgan hisob raqami: 105070440093"},{"accountNumber":"105120500694","message":"Pasport seriyasi identifikatsiya qoidalariga mos emas ! Hisob raqami: 105120500694 Pasport seriyasi: null"},{"accountNumber":"105120520661","message":"Pasport seriyasi identifikatsiya qoidalariga mos emas ! Hisob raqami: 105120520661 Pasport seriyasi: null"},{"accountNumber":"105120290583","message":"Pasport seriyasi identifikatsiya qoidalariga mos emas ! Hisob raqami: 105120290583 Pasport seriyasi: null"},{"accountNumber":"105120800555","message":"Elektr energiyasi hisob raqami dublikat ! Hisob raqami: 105120800555, dublikat kiritilgan hisob raqami: 112080860581"},{"accountNumber":"105120500684","message":"Elektr energiyasi hisob raqami dublikat ! Hisob raqami: 105120500684, dublikat kiritilgan hisob raqami: 105120500411"},{"accountNumber":"105120520658","message":"Elektr energiyasi hisob raqami dublikat ! Hisob raqami: 105120520658, dublikat kiritilgan hisob raqami: 105120520507"},{"accountNumber":"105120520634","message":"Pasport seriyasi identifikatsiya qoidalariga mos emas ! Hisob raqami: 105120520634 Pasport seriyasi: null"},{"accountNumber":"105120320675","message":"Elektr energiyasi hisob raqami dublikat ! Hisob raqami: 105120320675, dublikat kiritilgan hisob raqami: 105120390326"},{"accountNumber":"105120800552","message":"Elektr energiyasi hisob raqami dublikat ! Hisob raqami: 105120800552, dublikat kiritilgan hisob raqami: 112081200452"},{"accountNumber":"105120500691","message":"Elektr energiyasi hisob raqami dublikat ! Hisob raqami: 105120500691, dublikat kiritilgan hisob raqami: 105120500033"},{"accountNumber":"105120360730","message":"Elektr energiyasi hisob raqami dublikat ! Hisob raqami: 105120360730, dublikat kiritilgan hisob raqami: 105120401110"},{"accountNumber":"105120320677","message":"Elektr energiyasi hisob raqami dublikat ! Hisob raqami: 105120320677, dublikat kiritilgan hisob raqami: 105120320451"},{"accountNumber":"105120650624","message":"Elektr energiyasi hisob raqami dublikat ! Hisob raqami: 105120650624, dublikat kiritilgan hisob raqami: 105120650367"},{"accountNumber":"105120751330","message":"Elektr energiyasi hisob raqami dublikat ! Hisob raqami: 105120751330, dublikat kiritilgan hisob raqami: 105070290294"},{"accountNumber":"105120892213","message":"Elektr energiyasi hisob raqami dublikat ! Hisob raqami: 105120892213, dublikat kiritilgan hisob raqami: 105120720521"},{"accountNumber":"105120760496","message":"Elektr energiyasi hisob raqami dublikat ! Hisob raqami: 105120760496, dublikat kiritilgan hisob raqami: 105120760195"},{"accountNumber":"105120190399","message":"Elektr energiyasi hisob raqami dublikat ! Hisob raqami: 105120190399, dublikat kiritilgan hisob raqami: 105070191436"},{"accountNumber":"105120520656","message":"Elektr energiyasi hisob raqami dublikat ! Hisob raqami: 105120520656, dublikat kiritilgan hisob raqami: 105120400185"},{"accountNumber":"105120520660","message":"Elektr energiyasi hisob raqami dublikat ! Hisob raqami: 105120520660, dublikat kiritilgan hisob raqami: 105120520538"},{"accountNumber":"105120660367","message":"Elektr energiyasi hisob raqami dublikat ! Hisob raqami: 105120660367, dublikat kiritilgan hisob raqami: 105120740381"},{"accountNumber":"105120520670","message":"Elektr energiyasi hisob raqami dublikat ! Hisob raqami: 105120520670, dublikat kiritilgan hisob raqami: 105120520084"},{"accountNumber":"105120190398","message":"Elektr energiyasi hisob raqami dublikat ! Hisob raqami: 105120190398, dublikat kiritilgan hisob raqami: 105070470288"},{"accountNumber":"105120310654","message":"Elektr energiyasi hisob raqami dublikat ! Hisob raqami: 105120310654, dublikat kiritilgan hisob raqami: 105120720295"},{"accountNumber":"105120360728","message":"Elektr energiyasi hisob raqami dublikat ! Hisob raqami: 105120360728, dublikat kiritilgan hisob raqami: 105120700731"},{"accountNumber":"105120310651","message":"Elektr energiyasi hisob raqami dublikat ! Hisob raqami: 105120310651, dublikat kiritilgan hisob raqami: 105120310308"},{"accountNumber":"105120500689","message":"Elektr energiyasi hisob raqami dublikat ! Hisob raqami: 105120500689, dublikat kiritilgan hisob raqami: 105120500118"},{"accountNumber":"105120440956","message":"Elektr energiyasi hisob raqami dublikat ! Hisob raqami: 105120440956, dublikat kiritilgan hisob raqami: 105120380161"},{"accountNumber":"105120300739","message":"Elektr energiyasi hisob raqami dublikat ! Hisob raqami: 105120300739, dublikat kiritilgan hisob raqami: 105120300616"},{"accountNumber":"105120630758","message":"Elektr energiyasi hisob raqami dublikat ! Hisob raqami: 105120630758, dublikat kiritilgan hisob raqami: 105070470710"},{"accountNumber":"105120391944","message":"Elektr energiyasi hisob raqami dublikat ! Hisob raqami: 105120391944, dublikat kiritilgan hisob raqami: 105120390502"},{"accountNumber":"105120660353","message":"Pasport seriyasi identifikatsiya qoidalariga mos emas ! Hisob raqami: 105120660353 Pasport seriyasi: null"},{"accountNumber":"105120360721","message":"Pasport seriyasi identifikatsiya qoidalariga mos emas ! Hisob raqami: 105120360721 Pasport seriyasi: null"},{"accountNumber":"105120520596","message":"Pasport seriyasi identifikatsiya qoidalariga mos emas ! Hisob raqami: 105120520596 Pasport seriyasi: null"},{"accountNumber":"105120310631","message":"Pasport seriyasi identifikatsiya qoidalariga mos emas ! Hisob raqami: 105120310631 Pasport seriyasi: null"},{"accountNumber":"105120331208","message":"Pasport seriyasi identifikatsiya qoidalariga mos emas ! Hisob raqami: 105120331208 Pasport seriyasi: null"},{"accountNumber":"105120520590","message":"Pasport seriyasi identifikatsiya qoidalariga mos emas ! Hisob raqami: 105120520590 Pasport seriyasi: null"},{"accountNumber":"105120760485","message":"Pasport seriyasi identifikatsiya qoidalariga mos emas ! Hisob raqami: 105120760485 Pasport seriyasi: null"},{"accountNumber":"105120190383","message":"Elektr energiyasi hisob raqami dublikat ! Hisob raqami: 105120190383, dublikat kiritilgan hisob raqami: 105070260584"},{"accountNumber":"105120300734","message":"Elektr energiyasi hisob raqami dublikat ! Hisob raqami: 105120300734, dublikat kiritilgan hisob raqami: 105120300365"},{"accountNumber":"105120520624","message":"Elektr energiyasi hisob raqami dublikat ! Hisob raqami: 105120520624, dublikat kiritilgan hisob raqami: 105120520566"},{"accountNumber":"105120650612","message":"Elektr energiyasi hisob raqami dublikat ! Hisob raqami: 105120650612, dublikat kiritilgan hisob raqami: 105120650523"},{"accountNumber":"105120360719","message":"Elektr energiyasi hisob raqami dublikat ! Hisob raqami: 105120360719, dublikat kiritilgan hisob raqami: 105120730015"},{"accountNumber":"105120660349","message":"Pasport seriyasi identifikatsiya qoidalariga mos emas ! Hisob raqami: 105120660349 Pasport seriyasi: null"},{"accountNumber":"105120520631","message":"Elektr energiyasi hisob raqami dublikat ! Hisob raqami: 105120520631, dublikat kiritilgan hisob raqami: 105120520482"},{"accountNumber":"105120780623","message":"Elektr energiyasi hisob raqami dublikat ! Hisob raqami: 105120780623, dublikat kiritilgan hisob raqami: 105120740274"},{"accountNumber":"105120760494","message":"Elektr energiyasi hisob raqami dublikat ! Hisob raqami: 105120760494, dublikat kiritilgan hisob raqami: 105120760042"},{"accountNumber":"105120460645","message":"Elektr energiyasi hisob raqami dublikat ! Hisob raqami: 105120460645, dublikat kiritilgan hisob raqami: 105120460524"},{"accountNumber":"105120900487","message":"Elektr energiyasi hisob raqami dublikat ! Hisob raqami: 105120900487, dublikat kiritilgan hisob raqami: 105120900251"},{"accountNumber":"105120780622","message":"Elektr energiyasi hisob raqami dublikat ! Hisob raqami: 105120780622, dublikat kiritilgan hisob raqami: 105120780121"},{"accountNumber":"105120190384","message":"Elektr energiyasi hisob raqami dublikat ! Hisob raqami: 105120190384, dublikat kiritilgan hisob raqami: 105070390435"},{"accountNumber":"105120892153","message":"Elektr energiyasi hisob raqami dublikat ! Hisob raqami: 105120892153, dublikat kiritilgan hisob raqami: 206207778095"},{"accountNumber":"105120760493","message":"Elektr energiyasi hisob raqami dublikat ! Hisob raqami: 105120760493, dublikat kiritilgan hisob raqami: 105120760375"},{"accountNumber":"105120310625","message":"Elektr energiyasi hisob raqami dublikat ! Hisob raqami: 105120310625, dublikat kiritilgan hisob raqami: 105120310600"},{"accountNumber":"105120590493","message":"Elektr energiyasi hisob raqami dublikat ! Hisob raqami: 105120590493, dublikat kiritilgan hisob raqami: 105120590354"},{"accountNumber":"105120300728","message":"Elektr energiyasi hisob raqami dublikat ! Hisob raqami: 105120300728, dublikat kiritilgan hisob raqami: 105120300350"},{"accountNumber":"105120440949","message":"Elektr energiyasi hisob raqami dublikat ! Hisob raqami: 105120440949, dublikat kiritilgan hisob raqami: 105120490067"},{"accountNumber":"105120710555","message":"Elektr energiyasi hisob raqami dublikat ! Hisob raqami: 105120710555, dublikat kiritilgan hisob raqami: 105120710291"},{"accountNumber":"105120401146","message":"Elektr energiyasi hisob raqami dublikat ! Hisob raqami: 105120401146, dublikat kiritilgan hisob raqami: 105120670169"},{"accountNumber":"105120460644","message":"Elektr energiyasi hisob raqami dublikat ! Hisob raqami: 105120460644, dublikat kiritilgan hisob raqami: 105120520273"},{"accountNumber":"105120900493","message":"Elektr energiyasi hisob raqami dublikat ! Hisob raqami: 105120900493, dublikat kiritilgan hisob raqami: 105120900179"},{"accountNumber":"105120740788","message":"Pasport seriyasi identifikatsiya qoidalariga mos emas ! Hisob raqami: 105120740788 Pasport seriyasi: null"},{"accountNumber":"105120760477","message":"Pasport seriyasi identifikatsiya qoidalariga mos emas ! Hisob raqami: 105120760477 Pasport seriyasi: null"},{"accountNumber":"105120331202","message":"Pasport seriyasi identifikatsiya qoidalariga mos emas ! Hisob raqami: 105120331202 Pasport seriyasi: null"},{"accountNumber":"105120660341","message":"Pasport seriyasi identifikatsiya qoidalariga mos emas ! Hisob raqami: 105120660341 Pasport seriyasi: null"},{"accountNumber":"105120391905","message":"Pasport seriyasi identifikatsiya qoidalariga mos emas ! Hisob raqami: 105120391905 Pasport seriyasi: null"},{"accountNumber":"105120391912","message":"Pasport seriyasi identifikatsiya qoidalariga mos emas ! Hisob raqami: 105120391912 Pasport seriyasi: null"},{"accountNumber":"105120760484","message":"Pasport seriyasi identifikatsiya qoidalariga mos emas ! Hisob raqami: 105120760484 Pasport seriyasi: null"},{"accountNumber":"105120760474","message":"Pasport seriyasi identifikatsiya qoidalariga mos emas ! Hisob raqami: 105120760474 Pasport seriyasi: null"},{"accountNumber":"105120391920","message":"Pasport seriyasi identifikatsiya qoidalariga mos emas ! Hisob raqami: 105120391920 Pasport seriyasi: null"},{"accountNumber":"105120391906","message":"Pasport seriyasi identifikatsiya qoidalariga mos emas ! Hisob raqami: 105120391906 Pasport seriyasi: null"},{"accountNumber":"105120600522","message":"Pasport seriyasi identifikatsiya qoidalariga mos emas ! Hisob raqami: 105120600522 Pasport seriyasi: null"},{"accountNumber":"105120391916","message":"Pasport seriyasi identifikatsiya qoidalariga mos emas ! Hisob raqami: 105120391916 Pasport seriyasi: null"},{"accountNumber":"105120570540","message":"Pasport seriyasi identifikatsiya qoidalariga mos emas ! Hisob raqami: 105120570540 Pasport seriyasi: null"},{"accountNumber":"105120760475","message":"Pasport seriyasi identifikatsiya qoidalariga mos emas ! Hisob raqami: 105120760475 Pasport seriyasi: null"},{"accountNumber":"105120891980","message":"Pasport seriyasi identifikatsiya qoidalariga mos emas ! Hisob raqami: 105120891980 Pasport seriyasi: null"},{"accountNumber":"105120290574","message":"Elektr energiyasi hisob raqami dublikat ! Hisob raqami: 105120290574, dublikat kiritilgan hisob raqami: 105070290205"},{"accountNumber":"105120892086","message":"Elektr energiyasi hisob raqami dublikat ! Hisob raqami: 105120892086, dublikat kiritilgan hisob raqami: 105120890013"},{"accountNumber":"105120480725","message":"Elektr energiyasi hisob raqami dublikat ! Hisob raqami: 105120480725, dublikat kiritilgan hisob raqami: 105120640422"},{"accountNumber":"105120190375","message":"Elektr energiyasi hisob raqami dublikat ! Hisob raqami: 105120190375, dublikat kiritilgan hisob raqami: 105070191046"},{"accountNumber":"105120470638","message":"Elektr energiyasi hisob raqami dublikat ! Hisob raqami: 105120470638, dublikat kiritilgan hisob raqami: 105120470243"},{"accountNumber":"105120580363","message":"Elektr energiyasi hisob raqami dublikat ! Hisob raqami: 105120580363, dublikat kiritilgan hisob raqami: 105120580275"},{"accountNumber":"105120892073","message":"Elektr energiyasi hisob raqami dublikat ! Hisob raqami: 105120892073, dublikat kiritilgan hisob raqami: 105120891729"},{"accountNumber":"105120701303","message":"Elektr energiyasi hisob raqami dublikat ! Hisob raqami: 105120701303, dublikat kiritilgan hisob raqami: 105120450676"},{"accountNumber":"105120280763","message":"Elektr energiyasi hisob raqami dublikat ! Hisob raqami: 105120280763, dublikat kiritilgan hisob raqami: 105120280260"},{"accountNumber":"105120892075","message":"Elektr energiyasi hisob raqami dublikat ! Hisob raqami: 105120892075, dublikat kiritilgan hisob raqami: 105120891774"},{"accountNumber":"105120190374","message":"Elektr energiyasi hisob raqami dublikat ! Hisob raqami: 105120190374, dublikat kiritilgan hisob raqami: 105070400552"},{"accountNumber":"105120360702","message":"Elektr energiyasi hisob raqami dublikat ! Hisob raqami: 105120360702, dublikat kiritilgan hisob raqami: 105120360395"},{"accountNumber":"105120190382","message":"Elektr energiyasi hisob raqami dublikat ! Hisob raqami: 105120190382, dublikat kiritilgan hisob raqami: 105070471027"},{"accountNumber":"105120190381","message":"Elektr energiyasi hisob raqami dublikat ! Hisob raqami: 105120190381, dublikat kiritilgan hisob raqami: 105070380275"},{"accountNumber":"105120610566","message":"Elektr energiyasi hisob raqami dublikat ! Hisob raqami: 105120610566, dublikat kiritilgan hisob raqami: 105120610185"},{"accountNumber":"105120760461","message":"Pasport seriyasi identifikatsiya qoidalariga mos emas ! Hisob raqami: 105120760461 Pasport seriyasi: null"},{"accountNumber":"105120570538","message":"Pasport seriyasi identifikatsiya qoidalariga mos emas ! Hisob raqami: 105120570538 Pasport seriyasi: null"},{"accountNumber":"105120490570","message":"Pasport seriyasi identifikatsiya qoidalariga mos emas ! Hisob raqami: 105120490570 Pasport seriyasi: null"},{"accountNumber":"105120331201","message":"Pasport seriyasi identifikatsiya qoidalariga mos emas ! Hisob raqami: 105120331201 Pasport seriyasi: null"},{"accountNumber":"105120331196","message":"Pasport seriyasi identifikatsiya qoidalariga mos emas ! Hisob raqami: 105120331196 Pasport seriyasi: null"},{"accountNumber":"105120760456","message":"Pasport seriyasi identifikatsiya qoidalariga mos emas ! Hisob raqami: 105120760456 Pasport seriyasi: null"},{"accountNumber":"105120570536","message":"Pasport seriyasi identifikatsiya qoidalariga mos emas ! Hisob raqami: 105120570536 Pasport seriyasi: null"},{"accountNumber":"105120760470","message":"Pasport seriyasi identifikatsiya qoidalariga mos emas ! Hisob raqami: 105120760470 Pasport seriyasi: null"},{"accountNumber":"105120650598","message":"Pasport seriyasi identifikatsiya qoidalariga mos emas ! Hisob raqami: 105120650598 Pasport seriyasi: null"},{"accountNumber":"105120570535","message":"Pasport seriyasi identifikatsiya qoidalariga mos emas ! Hisob raqami: 105120570535 Pasport seriyasi: null"},{"accountNumber":"105120760450","message":"Pasport seriyasi identifikatsiya qoidalariga mos emas ! Hisob raqami: 105120760450 Pasport seriyasi: null"},{"accountNumber":"105120760468","message":"Elektr energiyasi hisob raqami dublikat ! Hisob raqami: 105120760468, dublikat kiritilgan hisob raqami: 105120760415"},{"accountNumber":"105120240578","message":"Elektr energiyasi hisob raqami dublikat ! Hisob raqami: 105120240578, dublikat kiritilgan hisob raqami: 105070191405"},{"accountNumber":"105120760448","message":"Elektr energiyasi hisob raqami dublikat ! Hisob raqami: 105120760448, dublikat kiritilgan hisob raqami: 105120760249"},{"accountNumber":"105120240577","message":"Elektr energiyasi hisob raqami dublikat ! Hisob raqami: 105120240577, dublikat kiritilgan hisob raqami: 105120680070"},{"accountNumber":"105120360695","message":"Elektr energiyasi hisob raqami dublikat ! Hisob raqami: 105120360695, dublikat kiritilgan hisob raqami: 105120280656"},{"accountNumber":"105120190366","message":"Elektr energiyasi hisob raqami dublikat ! Hisob raqami: 105120190366, dublikat kiritilgan hisob raqami: 105070260772"},{"accountNumber":"105120760467","message":"Elektr energiyasi hisob raqami dublikat ! Hisob raqami: 105120760467, dublikat kiritilgan hisob raqami: 105120760382"},{"accountNumber":"105120290566","message":"Elektr energiyasi hisob raqami dublikat ! Hisob raqami: 105120290566, dublikat kiritilgan hisob raqami: 105070290360"},{"accountNumber":"105120751318","message":"Elektr energiyasi hisob raqami dublikat ! Hisob raqami: 105120751318, dublikat kiritilgan hisob raqami: 105120750901"},{"accountNumber":"105120720689","message":"Elektr energiyasi hisob raqami dublikat ! Hisob raqami: 105120720689, dublikat kiritilgan hisob raqami: 105120550268"},{"accountNumber":"105120190370","message":"Elektr energiyasi hisob raqami dublikat ! Hisob raqami: 105120190370, dublikat kiritilgan hisob raqami: 105070320656"},{"accountNumber":"105120780614","message":"Elektr energiyasi hisob raqami dublikat ! Hisob raqami: 105120780614, dublikat kiritilgan hisob raqami: 105120780416"},{"accountNumber":"105120190363","message":"Elektr energiyasi hisob raqami dublikat ! Hisob raqami: 105120190363, dublikat kiritilgan hisob raqami: 105070380545"},{"accountNumber":"105120190371","message":"Elektr energiyasi hisob raqami dublikat ! Hisob raqami: 105120190371, dublikat kiritilgan hisob raqami: 105070380504"},{"accountNumber":"105120220326","message":"Elektr energiyasi hisob raqami dublikat ! Hisob raqami: 105120220326, dublikat kiritilgan hisob raqami: 105070220265"},{"accountNumber":"105120610560","message":"Elektr energiyasi hisob raqami dublikat ! Hisob raqami: 105120610560, dublikat kiritilgan hisob raqami: 105120610056"},{"accountNumber":"105120190369","message":"Elektr energiyasi hisob raqami dublikat ! Hisob raqami: 105120190369, dublikat kiritilgan hisob raqami: 105070380187"},{"accountNumber":"105120530312","message":"Elektr energiyasi hisob raqami dublikat ! Hisob raqami: 105120530312, dublikat kiritilgan hisob raqami: 105120330801"},{"accountNumber":"105120760454","message":"Elektr energiyasi hisob raqami dublikat ! Hisob raqami: 105120760454, dublikat kiritilgan hisob raqami: 105120791405"},{"accountNumber":"105120331192","message":"Pasport seriyasi identifikatsiya qoidalariga mos emas ! Hisob raqami: 105120331192 Pasport seriyasi: null"},{"accountNumber":"105120570533","message":"Pasport seriyasi identifikatsiya qoidalariga mos emas ! Hisob raqami: 105120570533 Pasport seriyasi: null"},{"accountNumber":"105120401138","message":"Pasport seriyasi identifikatsiya qoidalariga mos emas ! Hisob raqami: 105120401138 Pasport seriyasi: null"},{"accountNumber":"105120331191","message":"Pasport seriyasi identifikatsiya qoidalariga mos emas ! Hisob raqami: 105120331191 Pasport seriyasi: null"},{"accountNumber":"105120460634","message":"Pasport seriyasi identifikatsiya qoidalariga mos emas ! Hisob raqami: 105120460634 Pasport seriyasi: null"},{"accountNumber":"105120732172","message":"Pasport seriyasi identifikatsiya qoidalariga mos emas ! Hisob raqami: 105120732172 Pasport seriyasi: null"},{"accountNumber":"105120490569","message":"Pasport seriyasi identifikatsiya qoidalariga mos emas ! Hisob raqami: 105120490569 Pasport seriyasi: null"},{"accountNumber":"105120391893","message":"Pasport seriyasi identifikatsiya qoidalariga mos emas ! Hisob raqami: 105120391893 Pasport seriyasi: null"},{"accountNumber":"105120751313","message":"Elektr energiyasi hisob raqami dublikat ! Hisob raqami: 105120751313, dublikat kiritilgan hisob raqami: 105120330344"},{"accountNumber":"105120580359","message":"Elektr energiyasi hisob raqami dublikat ! Hisob raqami: 105120580359, dublikat kiritilgan hisob raqami: 105120580227"},{"accountNumber":"105120320645","message":"Elektr energiyasi hisob raqami dublikat ! Hisob raqami: 105120320645, dublikat kiritilgan hisob raqami: 105120320077"},{"accountNumber":"105120280751","message":"Elektr energiyasi hisob raqami dublikat ! Hisob raqami: 105120280751, dublikat kiritilgan hisob raqami: 105120280386"},{"accountNumber":"105120320648","message":"Elektr energiyasi hisob raqami dublikat ! Hisob raqami: 105120320648, dublikat kiritilgan hisob raqami: 105120450281"},{"accountNumber":"105120320662","message":"Elektr energiyasi hisob raqami dublikat ! Hisob raqami: 105120320662, dublikat kiritilgan hisob raqami: 105120320314"},{"accountNumber":"105120320663","message":"Elektr energiyasi hisob raqami dublikat ! Hisob raqami: 105120320663, dublikat kiritilgan hisob raqami: 105120320254"},{"accountNumber":"105120770709","message":"Elektr energiyasi hisob raqami dublikat ! Hisob raqami: 105120770709, dublikat kiritilgan hisob raqami: 105120770052"},{"accountNumber":"105120670313","message":"Elektr energiyasi hisob raqami dublikat ! Hisob raqami: 105120670313, dublikat kiritilgan hisob raqami: 105120740479"},{"accountNumber":"105120320647","message":"Elektr energiyasi hisob raqami dublikat ! Hisob raqami: 105120320647, dublikat kiritilgan hisob raqami: 105120330960"},{"accountNumber":"105120190348","message":"Elektr energiyasi hisob raqami dublikat ! Hisob raqami: 105120190348, dublikat kiritilgan hisob raqami: 105070480207"},{"accountNumber":"105120510904","message":"Elektr energiyasi hisob raqami dublikat ! Hisob raqami: 105120510904, dublikat kiritilgan hisob raqami: 105120510110"},{"accountNumber":"105120320640","message":"Elektr energiyasi hisob raqami dublikat ! Hisob raqami: 105120320640, dublikat kiritilgan hisob raqami: 105070420118"},{"accountNumber":"105120190349","message":"Elektr energiyasi hisob raqami dublikat ! Hisob raqami: 105120190349, dublikat kiritilgan hisob raqami: 105120190051"},{"accountNumber":"105120190352","message":"Elektr energiyasi hisob raqami dublikat ! Hisob raqami: 105120190352, dublikat kiritilgan hisob raqami: 105070200818"},{"accountNumber":"105120530311","message":"Elektr energiyasi hisob raqami dublikat ! Hisob raqami: 105120530311, dublikat kiritilgan hisob raqami: 105120330100"},{"accountNumber":"105120510899","message":"Elektr energiyasi hisob raqami dublikat ! Hisob raqami: 105120510899, dublikat kiritilgan hisob raqami: 105120510192"},{"accountNumber":"105120190361","message":"Elektr energiyasi hisob raqami dublikat ! Hisob raqami: 105120190361, dublikat kiritilgan hisob raqami: 105070370269"},{"accountNumber":"105120640713","message":"Elektr energiyasi hisob raqami dublikat ! Hisob raqami: 105120640713, dublikat kiritilgan hisob raqami: 105120640635"},{"accountNumber":"105120570534","message":"Elektr energiyasi hisob raqami dublikat ! Hisob raqami: 105120570534, dublikat kiritilgan hisob raqami: 105120740119"},{"accountNumber":"105120590490","message":"Elektr energiyasi hisob raqami dublikat ! Hisob raqami: 105120590490, dublikat kiritilgan hisob raqami: 105120590322"},{"accountNumber":"105120480719","message":"Elektr energiyasi hisob raqami dublikat ! Hisob raqami: 105120480719, dublikat kiritilgan hisob raqami: 105120500198"},{"accountNumber":"105120760430","message":"Pasport seriyasi identifikatsiya qoidalariga mos emas ! Hisob raqami: 105120760430 Pasport seriyasi: null"},{"accountNumber":"105120430724","message":"Pasport seriyasi identifikatsiya qoidalariga mos emas ! Hisob raqami: 105120430724 Pasport seriyasi: null"},{"accountNumber":"105120370838","message":"Pasport seriyasi identifikatsiya qoidalariga mos emas ! Hisob raqami: 105120370838 Pasport seriyasi: null"},{"accountNumber":"105120420610","message":"Pasport seriyasi identifikatsiya qoidalariga mos emas ! Hisob raqami: 105120420610 Pasport seriyasi: null"},{"accountNumber":"105120650592","message":"Pasport seriyasi identifikatsiya qoidalariga mos emas ! Hisob raqami: 105120650592 Pasport seriyasi: null"},{"accountNumber":"105120370842","message":"Pasport seriyasi identifikatsiya qoidalariga mos emas ! Hisob raqami: 105120370842 Pasport seriyasi: null"},{"accountNumber":"105120760429","message":"Pasport seriyasi identifikatsiya qoidalariga mos emas ! Hisob raqami: 105120760429 Pasport seriyasi: null"},{"accountNumber":"105120760432","message":"Pasport seriyasi identifikatsiya qoidalariga mos emas ! Hisob raqami: 105120760432 Pasport seriyasi: null"},{"accountNumber":"105120760435","message":"Pasport seriyasi identifikatsiya qoidalariga mos emas ! Hisob raqami: 105120760435 Pasport seriyasi: null"},{"accountNumber":"105120650593","message":"Pasport seriyasi identifikatsiya qoidalariga mos emas ! Hisob raqami: 105120650593 Pasport seriyasi: null"},{"accountNumber":"105120660331","message":"Ism familiyasida kirill harflari mavjud ! Hisob raqami: 105120660331 "},{"accountNumber":"105120490567","message":"Pasport seriyasi identifikatsiya qoidalariga mos emas ! Hisob raqami: 105120490567 Pasport seriyasi: null"},{"accountNumber":"105120650588","message":"Pasport seriyasi identifikatsiya qoidalariga mos emas ! Hisob raqami: 105120650588 Pasport seriyasi: null"},{"accountNumber":"105120630746","message":"Pasport seriyasi identifikatsiya qoidalariga mos emas ! Hisob raqami: 105120630746 Pasport seriyasi: null"},{"accountNumber":"105120760428","message":"Pasport seriyasi identifikatsiya qoidalariga mos emas ! Hisob raqami: 105120760428 Pasport seriyasi: null"},{"accountNumber":"105120391880","message":"Pasport seriyasi identifikatsiya qoidalariga mos emas ! Hisob raqami: 105120391880 Pasport seriyasi: null"},{"accountNumber":"105120780598","message":"Pasport seriyasi identifikatsiya qoidalariga mos emas ! Hisob raqami: 105120780598 Pasport seriyasi: null"},{"accountNumber":"105120391877","message":"Pasport seriyasi identifikatsiya qoidalariga mos emas ! Hisob raqami: 105120391877 Pasport seriyasi: null"},{"accountNumber":"105120490565","message":"Pasport seriyasi identifikatsiya qoidalariga mos emas ! Hisob raqami: 105120490565 Pasport seriyasi: null"},{"accountNumber":"105120370841","message":"Pasport seriyasi identifikatsiya qoidalariga mos emas ! Hisob raqami: 105120370841 Pasport seriyasi: null"},{"accountNumber":"105120710532","message":"Pasport seriyasi identifikatsiya qoidalariga mos emas ! Hisob raqami: 105120710532 Pasport seriyasi: null"},{"accountNumber":"105120490564","message":"Pasport seriyasi identifikatsiya qoidalariga mos emas ! Hisob raqami: 105120490564 Pasport seriyasi: null"},{"accountNumber":"105120420614","message":"Pasport seriyasi identifikatsiya qoidalariga mos emas ! Hisob raqami: 105120420614 Pasport seriyasi: null"},{"accountNumber":"105120760438","message":"Pasport seriyasi identifikatsiya qoidalariga mos emas ! Hisob raqami: 105120760438 Pasport seriyasi: null"},{"accountNumber":"105120570527","message":"Pasport seriyasi identifikatsiya qoidalariga mos emas ! Hisob raqami: 105120570527 Pasport seriyasi: null"},{"accountNumber":"105120310618","message":"Pasport seriyasi identifikatsiya qoidalariga mos emas ! Hisob raqami: 105120310618 Pasport seriyasi: null"},{"accountNumber":"105120720680","message":"Elektr energiyasi hisob raqami dublikat ! Hisob raqami: 105120720680, dublikat kiritilgan hisob raqami: 105120720450"},{"accountNumber":"105120391885","message":"Elektr energiyasi hisob raqami dublikat ! Hisob raqami: 105120391885, dublikat kiritilgan hisob raqami: 105120391900"},{"accountNumber":"105120760433","message":"Elektr energiyasi hisob raqami dublikat ! Hisob raqami: 105120760433, dublikat kiritilgan hisob raqami: 105120760132"},{"accountNumber":"105120290559","message":"Elektr energiyasi hisob raqami dublikat ! Hisob raqami: 105120290559, dublikat kiritilgan hisob raqami: 105120590280"}]